// Jest Snapshot v1, https://goo.gl/fbAQLP

exports[`does not render an info button because no id is supplied 1`] = `null`;

exports[`with an application state provided does not render an info button with an invalid id 1`] = `null`;

exports[`with an application state provided renders an info button  1`] = `
.c1 {
  background-color: transparent;
  color: #ffffff;
  border: none;
  border-radius: 4px;
  cursor: pointer;
  padding: .6rem 1.4rem;
}

.c0 + .c0 {
  margin-left: 8px;
}

.c1:disabled {
  cursor: not-allowed;
}

.c2 {
  color: #696361;
  background-color: transparent;
}

@media screen and (max-width:768px) {

}

@media (min-width:768px) {

}

<button
  class="c0 c1"
  data-testid="valid-id"
>
  <svg
    aria-hidden="true"
    class="svg-inline--fa fa-circle-info fa-lg c2"
    color="#696361"
    data-icon="circle-info"
    data-prefix="fal"
    focusable="false"
    role="img"
    viewBox="0 0 512 512"
    xmlns="http://www.w3.org/2000/svg"
  >
    <path
      d="M256 0C114.6 0 0 114.6 0 256s114.6 256 256 256s256-114.6 256-256S397.4 0 256 0zM256 480c-123.5 0-224-100.5-224-224s100.5-224 224-224s224 100.5 224 224S379.5 480 256 480zM256 184c13.25 0 24-10.74 24-24c0-13.25-10.75-24-24-24S232 146.7 232 160C232 173.3 242.7 184 256 184zM304 352h-32V240C272 231.2 264.8 224 256 224H224C215.2 224 208 231.2 208 240S215.2 256 224 256h16v96h-32C199.2 352 192 359.2 192 368C192 376.8 199.2 384 208 384h96c8.836 0 16-7.164 16-16C320 359.2 312.8 352 304 352z"
      fill="currentColor"
    />
  </svg>
  <span
    style="border: 0px; height: 1px; margin: -1px; overflow: hidden; padding: 0px; position: absolute; width: 1px; white-space: nowrap; word-wrap: normal;"
  >
    Information about 
    Info Button Title
  </span>
</button>
`;
