// Jest Snapshot v1, https://goo.gl/fbAQLP

exports[`renders 1`] = `
.c0 {
  background-color: #ffffff;
  border-radius: 8px;
  box-shadow: 0px 1px 3px 0px rgba(0,0,0,0.2),0px 1px 1px 0px rgba(0,0,0,0.14),0px 2px 1px -1px rgba(0,0,0,0.12),0px -8px 0px 0px #006a8e;
  overflow: hidden;
  -webkit-transition: box-shadow 0.1s linear;
  transition: box-shadow 0.1s linear;
  margin-top: 8px;
  margin-bottom: 24px;
}

.c1 {
  border: 0;
  background: transparent;
  width: 100%;
  display: -webkit-box;
  display: -webkit-flex;
  display: -ms-flexbox;
  display: flex;
  -webkit-box-pack: justify;
  -webkit-justify-content: space-between;
  -ms-flex-pack: justify;
  justify-content: space-between;
  padding: 0 16px;
  min-height: 68px;
  line-height: 68px;
}

.c1:hover {
  cursor: initial;
}

.c1 svg {
  margin-right: 16px;
}

.c1.cardheader-clickable {
  cursor: pointer;
}

.c2 {
  font-size: 24px;
  font-family: 'Stratum2',sans-serif;
  font-weight: bold;
}

.c4 {
  font-family: 'Open Sans',sans-serif;
  font-size: 16px;
  font-weight: 300;
  display: -webkit-box;
  display: -webkit-flex;
  display: -ms-flexbox;
  display: flex;
  -webkit-align-items: center;
  -webkit-box-align: center;
  -ms-flex-align: center;
  align-items: center;
}

.c7 {
  overflow: hidden;
  max-height: 0;
  padding: 0;
  padding-top: 0;
}

.c3 {
  color: #006a8e;
}

.c6 {
  height: 22px;
  min-width: 22px;
  line-height: 22px;
  text-align: center;
  font-weight: 600;
  background-color: #006a8e;
  color: #ffffff;
  border-radius: 2rem;
  font-size: 14px;
  display: -webkit-box;
  display: -webkit-flex;
  display: -ms-flexbox;
  display: flex;
  -webkit-box-pack: center;
  -webkit-justify-content: center;
  -ms-flex-pack: center;
  justify-content: center;
  -webkit-align-items: center;
  -webkit-box-align: center;
  -ms-flex-align: center;
  align-items: center;
  padding: 0 8px;
  margin-right: 8px;
}

.c5 {
  display: -webkit-inline-box;
  display: -webkit-inline-flex;
  display: -ms-inline-flexbox;
  display: inline-flex;
  position: relative;
  vertical-align: middle;
  -webkit-align-items: center;
  -webkit-box-align: center;
  -ms-flex-align: center;
  align-items: center;
}

.c8 {
  color: #252525;
  -webkit-text-decoration: none;
  text-decoration: none;
  padding: 0;
}

.c8 li {
  list-style-type: none;
  border-top: 1px solid #e0e0e0;
}

.c8 li:last-child {
  border-bottom: 1px solid #e0e0e0;
}

.c8 li button {
  width: 100%;
  background: transparent;
  display: -webkit-box;
  display: -webkit-flex;
  display: -ms-flexbox;
  display: flex;
  -webkit-box-pack: start;
  -webkit-justify-content: flex-start;
  -ms-flex-pack: start;
  justify-content: flex-start;
  -webkit-flex-wrap: wrap;
  -ms-flex-wrap: wrap;
  flex-wrap: wrap;
  -webkit-align-items: center;
  -webkit-box-align: center;
  -ms-flex-align: center;
  align-items: center;
  padding: 8px 16px;
  font-size: 1.6rem;
  border: none;
}

.c8 li button div {
  color: #757575;
  -webkit-flex: 2;
  -ms-flex: 2;
  flex: 2;
  text-align: left;
}

.c8 li button svg {
  margin-left: auto;
  -webkit-align-self: center;
  -ms-flex-item-align: center;
  align-self: center;
  color: #e0e0e0;
}

@media screen and (min-width:768px) {
  .c0 {
    margin-top: 8px;
    margin-bottom: 0;
  }
}

<div
  data-testid="academics-page"
>
  <div
    style="border: 0px; height: 1px; width: 1px; margin: -1px; padding: 0px; overflow: hidden; position: absolute;"
  >
    <h2>
      Academics
    </h2>
  </div>
  <div
    class="c0"
    color="stratosphere"
    elevation="1"
  >
    <button
      class="cardheader-clickable c1"
    >
      <div
        class="c2"
      >
        <svg
          aria-hidden="true"
          class="svg-inline--fa fa-chalkboard-teacher fa-w-20 c3"
          color="stratosphere"
          data-icon="chalkboard-teacher"
          data-prefix="fas"
          role="img"
          viewBox="0 0 640 512"
          xmlns="http://www.w3.org/2000/svg"
        >
          <path
            d="M208 352c-2.39 0-4.78.35-7.06 1.09C187.98 357.3 174.35 360 160 360c-14.35 0-27.98-2.7-40.95-6.91-2.28-.74-4.66-1.09-7.05-1.09C49.94 352-.33 402.48 0 464.62.14 490.88 21.73 512 48 512h224c26.27 0 47.86-21.12 48-47.38.33-62.14-49.94-112.62-112-112.62zm-48-32c53.02 0 96-42.98 96-96s-42.98-96-96-96-96 42.98-96 96 42.98 96 96 96zM592 0H208c-26.47 0-48 22.25-48 49.59V96c23.42 0 45.1 6.78 64 17.8V64h352v288h-64v-64H384v64h-76.24c19.1 16.69 33.12 38.73 39.69 64H592c26.47 0 48-22.25 48-49.59V49.59C640 22.25 618.47 0 592 0z"
            fill="currentColor"
          />
        </svg>
        Courses
      </div>
      <div
        class="c4"
      >
        <span
          class="c5"
        >
          <span
            class="c6"
          >
            8
          </span>
          Credits
        </span>
      </div>
    </button>
    <div
      aria-expanded="false"
      class="c7"
    >
      Fall 2016
      <ul
        class="c8"
      >
        <li>
          <button
            type="button"
          >
            <span>
              Introduction To Computer Networks
              <div>
                CS
                 
                372
              </div>
            </span>
            <svg
              aria-hidden="true"
              class="svg-inline--fa fa-chevron-right fa-w-10 "
              data-icon="chevron-right"
              data-prefix="fas"
              role="img"
              viewBox="0 0 320 512"
              xmlns="http://www.w3.org/2000/svg"
            >
              <path
                d="M285.476 272.971L91.132 467.314c-9.373 9.373-24.569 9.373-33.941 0l-22.667-22.667c-9.357-9.357-9.375-24.522-.04-33.901L188.505 256 34.484 101.255c-9.335-9.379-9.317-24.544.04-33.901l22.667-22.667c9.373-9.373 24.569-9.373 33.941 0L285.475 239.03c9.373 9.372 9.373 24.568.001 33.941z"
                fill="currentColor"
              />
            </svg>
          </button>
        </li>
        <li>
          <button
            type="button"
          >
            <span>
              Operating Systems I
              <div>
                CS
                 
                344
              </div>
            </span>
            <svg
              aria-hidden="true"
              class="svg-inline--fa fa-chevron-right fa-w-10 "
              data-icon="chevron-right"
              data-prefix="fas"
              role="img"
              viewBox="0 0 320 512"
              xmlns="http://www.w3.org/2000/svg"
            >
              <path
                d="M285.476 272.971L91.132 467.314c-9.373 9.373-24.569 9.373-33.941 0l-22.667-22.667c-9.357-9.357-9.375-24.522-.04-33.901L188.505 256 34.484 101.255c-9.335-9.379-9.317-24.544.04-33.901l22.667-22.667c9.373-9.373 24.569-9.373 33.941 0L285.475 239.03c9.373 9.372 9.373 24.568.001 33.941z"
                fill="currentColor"
              />
            </svg>
          </button>
        </li>
      </ul>
    </div>
  </div>
  <p>
    Thisis: 
    Api
  </p>
</div>
`;
