// Jest Snapshot v1, https://goo.gl/fbAQLP

exports[`Should render with children and match snapshot 1`] = `
.c0 {
  display: -webkit-box;
  display: -webkit-flex;
  display: -ms-flexbox;
  display: flex;
  -webkit-flex-direction: column;
  -ms-flex-direction: column;
  flex-direction: column;
  border-radius: 8px;
  box-shadow: 0px 1px 3px 0px rgba(0,0,0,0.2),0px 1px 1px 0px rgba(0,0,0,0.14),0px 2px 1px -1px rgba(0,0,0,0.12);
  background-color: #ffffff;
  overflow: hidden;
  margin-bottom: 16px;
  padding: 16px;
}

.c1 {
  color: #7B746F;
  font-weight: normal;
  font-size: 1.8rem;
  margin: 0 0 16px 0;
}

<div>
  <div
    class="c0"
  >
    <h2
      class="c1"
    >
      Plain Card Title
    </h2>
    <p>
      Can have any children inside
    </p>
    <span>
      Any element can work
    </span>
  </div>
</div>
`;
